
> digital-store-api@1.0.0 test
> jest tests/modules/product/unit/create-product.service.spec.js

  console.log
    [dotenv@17.2.3] injecting env (8) from .env -- tip: ÔÜÖ´©Å  suppress all logs with { quiet: true }

      at _log (node_modules/dotenv/lib/main.js:142:11)

node.exe : FAIL tests/modules/product/unit/cr
eate-product.service.spec.js
No linha:1 caractere:1
+ & "C:\Program Files\nodejs/node.exe" 
"C:\Program Files\nodejs/node_mo ...
+ ~~~~~~~~~~~~~~~~~~~~~~~~~~~~~~~~~~~~~~~~~~~
~~~~~~~~~~~~~~~~~~~~~~~~~~
    + CategoryInfo          : NotSpecified:  
   (FAIL tests/modu...service.spec.js:Strin  
  g) [], RemoteException
    + FullyQualifiedErrorId : NativeCommandE 
   rror
 
  CreateProductService - Unit Tests
    execute
      ├ù deve criar um produto com sucesso 
quando n├úo existe conflito (286 ms)
      ÔêÜ deve lan├ºar erro quando j├í 
existe produto com o mesmo slug (4 ms)
      ÔêÜ deve lan├ºar erro quando j├í 
existe produto com o mesmo nome (1 ms)
      ÔêÜ deve lan├ºar erro quando categoria 
n├úo ├® encontrada (2 ms)
      ├ù deve criar produto sem categorias 
quando category_ids n├úo for fornecido (3 ms)

  ÔùÅ CreateProductService - Unit Tests ÔÇ║ 
execute ÔÇ║ deve criar um produto com 
sucesso quando n├úo existe conflito

    expect(jest.fn()).toHaveBeenCalledWith(..
.expected)

    - Expected
    + Received

      Object {
    -   "where": ObjectContaining {
    -     "Anything": Any<Array>,
    +   "where": Object {
    +     Symbol(or): Array [
    +       Object {
    +         "name": "Produto Teste",
    +       },
    +       Object {
    +         "slug": "produto-teste",
    +       },
    +     ],
        },
      },

    Number of calls: 1

    [0m [90m 50 |[39m       
[36mconst[39m result [33m=[39m 
[36mawait[39m createProductService[33m.[3
9mexecute(validProductData)[33m;[39m
     [90m 51 |[39m
    [31m[1m>[22m[39m[90m 52 |[39m      
 expect([33mProduct[39m[33m.[39mfindOne)
[33m.[39mtoHaveBeenCalledWith({
     [90m    |[39m                         
      [31m[1m^[22m[39m
     [90m 53 |[39m         
where[33m:[39m 
expect[33m.[39mobjectContaining({
     [90m 54 |[39m           
[expect[33m.[39manything()][33m:[39m expe
ct[33m.[39many([33mArray[39m)[33m,[39m
     [90m 55 |[39m         
})[33m,[39m[0m

      at Object.toHaveBeenCalledWith (tests/m
odules/product/unit/create-product.service.sp
ec.js:52:31)

  ÔùÅ CreateProductService - Unit Tests ÔÇ║ 
execute ÔÇ║ deve criar produto sem 
categorias quando category_ids n├úo for 
fornecido

    expect(jest.fn()).toHaveBeenCalledWith(..
.expected)

    - Expected
    + Received

      Object {
        "categoryIds": undefined,
    -   "images": undefined,
    -   "options": undefined,
    -   "productData": Anything,
    +   "images": Array [],
    +   "options": Array [],
    +   "productData": Object {
    +     "description": "Descri├º├úo teste",
    +     "name": "Produto Teste",
    +     "price": 100,
    +     "price_with_discount": 80,
    +     "slug": "produto-teste",
    +     "stock": 10,
    +   },
      },

    Number of calls: 1

    [0m [90m 126 |[39m
     [90m 127 |[39m       expect([33mCateg
ory[39m[33m.[39mfindAll)[33m.[39mnot[33
m.[39mtoHaveBeenCalled()[33m;[39m
    [31m[1m>[22m[39m[90m 128 |[39m     
  expect(productRepository[33m.[39mcreatePr
oduct)[33m.[39mtoHaveBeenCalledWith({
     [90m     |[39m                        
                       [31m[1m^[22m[39m
     [90m 129 |[39m         
productData[33m:[39m 
expect[33m.[39manything()[33m,[39m
     [90m 130 |[39m         
images[33m:[39m undefined[33m,[39m
     [90m 131 |[39m         
options[33m:[39m undefined[33m,[39m[0m

      at Object.toHaveBeenCalledWith (tests/m
odules/product/unit/create-product.service.sp
ec.js:128:47)

Test Suites: 1 failed, 1 total
Tests:       2 failed, 3 passed, 5 total
Snapshots:   0 total
Time:        1.169 s, estimated 2 s
Ran all test suites matching tests/modules/pr
oduct/unit/create-product.service.spec.js.
